// Jest Snapshot v1, https://goo.gl/fbAQLP

exports[`PokemonEvolutions.vue matches snapshot 1`] = `
<div>
  <h2>
    Evolutions
  </h2>
  <div>
    <div role="list" class="v-list v-sheet v-sheet--tile theme--light"><a href="#/pokemon/1" class="v-list-item v-list-item--link theme--light" tabindex="0">
        <div class="v-avatar v-list-item__avatar" style="height: 40px; min-width: 40px; width: 40px;">
          <div class="v-responsive v-image">
            <div class="v-image__image v-image__image--preload v-image__image--cover" style="background-position: center center;" name="fade-transition" mode="in-out"></div>
            <div class="v-responsive__content"></div>
          </div>
        </div>
        <div class="v-list-item__content">
          <div class="v-list-item__title">Ivysaur</div>
        </div>
      </a><a href="#/pokemon/2" class="v-list-item v-list-item--link theme--light" tabindex="0">
        <div class="v-avatar v-list-item__avatar" style="height: 40px; min-width: 40px; width: 40px;">
          <div class="v-responsive v-image">
            <div class="v-image__image v-image__image--preload v-image__image--cover" style="background-position: center center;" name="fade-transition" mode="in-out"></div>
            <div class="v-responsive__content"></div>
          </div>
        </div>
        <div class="v-list-item__content">
          <div class="v-list-item__title">Venusaur</div>
        </div>
      </a></div>
  </div>
</div>
`;
